JSON: [["1", "IDENTIFIER", "y"],["1", "ASSIGN", ":="],["1", "LSPAR", "["],["1", "NUMTOKEN", "100"],["1", "COMMA", ","],["1", "NUMTOKEN", "200"],["1", "COMMA", ","],["1", "NUMTOKEN", "150"],["1", "RSPAR", "]"],["1", "SEMICOLON", ";"],["2", "TRACE", "TRACE"],["2", "LSPAR", "["],["2", "MAXIMUM", "maximum"],["2", "IDENTIFIER", "y"],["2", "COMMA", ","],["2", "AVERAGE", "average"],["2", "IDENTIFIER", "y"],["2", "COMMA", ","],["2", "INCREASE", "increase"],["2", "IDENTIFIER", "y"],["2", "RSPAR", "]"],["2", "SEMICOLON", ";"],["3", "TRACE", "TRACE"],["3", "UPPERCASE", "uppercase"],["3", "LSPAR", "["],["3", "STRTOKEN", "Hallo"],["3", "COMMA", ","],["3", "STRTOKEN", "Welt"],["3", "COMMA", ","],["3", "NUMTOKEN", "4711"],["3", "RSPAR", "]"],["3", "SEMICOLON", ";"],["4", "TRACE", "TRACE"],["4", "SQRT", "sqrt"],["4", "IDENTIFIER", "y"],["4", "SEMICOLON", ";"]]
AST: {
	"type":	"STATEMENTBLOCK",
	"statements":	[{
			"type":	"ASSIGN",
			"ident":	"y",
			"arg":	{
				"type":	"LIST",
				"items":	[{
						"type":	"NUMTOKEN",
						"value":	"100"
					}, {
						"type":	"NUMTOKEN",
						"value":	"200"
					}, {
						"type":	"NUMTOKEN",
						"value":	"150"
					}]
			}
		}, {
			"type":	"TRACE",
			"line":	"2",
			"arg":	{
				"type":	"LIST",
				"items":	[{
						"type":	"MAXIMUM",
						"arg":	{
							"type":	"VARIABLE",
							"name":	"y",
							"line":	"2"
						}
					}, {
						"type":	"AVERAGE",
						"arg":	{
							"type":	"VARIABLE",
							"name":	"y",
							"line":	"2"
						}
					}, {
						"type":	"INCREASE",
						"arg":	{
							"type":	"VARIABLE",
							"name":	"y",
							"line":	"2"
						}
					}]
			}
		}, {
			"type":	"TRACE",
			"line":	"3",
			"arg":	{
				"type":	"UPPERCASE",
				"arg":	{
					"type":	"LIST",
					"items":	[{
							"type":	"STRTOKEN",
							"value":	"Hallo"
						}, {
							"type":	"STRTOKEN",
							"value":	"Welt"
						}, {
							"type":	"NUMTOKEN",
							"value":	"4711"
						}]
				}
			}
		}, {
			"type":	"TRACE",
			"line":	"4",
			"arg":	{
				"type":	"SQRT",
				"arg":	{
					"type":	"VARIABLE",
					"name":	"y",
					"line":	"4"
				}
			}
		}]
}
Line 2: [200, 150, [100, -50]]
Line 3: [HALLO, WELT, 4711]
Line 4: [10, 14.142136, 12.247449]
