JSON: [["1", "IDENTIFIER", "result"],["1", "ASSIGN", ":="],["1", "NUMTOKEN", "10"],["1", "PLUS", "+"],["1", "NUMTOKEN", "5"],["1", "TIMES", "*"],["1", "NUMTOKEN", "2"],["1", "SEMICOLON", ";"],["2", "WRITE", "WRITE"],["2", "IDENTIFIER", "result"],["2", "SEMICOLON", ";"]]
AST: {
	"type":	"STATEMENTBLOCK",
	"statements":	[{
			"type":	"ASSIGN",
			"ident":	"result",
			"arg":	{
				"type":	"PLUS",
				"arg":	[{
						"type":	"NUMTOKEN",
						"value":	"10"
					}, {
						"type":	"TIMES",
						"arg":	[{
								"type":	"NUMTOKEN",
								"value":	"5"
							}, {
								"type":	"NUMTOKEN",
								"value":	"2"
							}]
					}]
			}
		}, {
			"type":	"WRITE",
			"arg":	{
				"type":	"VARIABLE",
				"name":	"result",
				"line":	"2"
			}
		}]
}
20
