JSON: [["1", "TRACE", "TRACE"],["1", "NUMTOKEN", "1"],["1", "PLUS", "+"],["1", "NUMTOKEN", "2"],["1", "TIMES", "*"],["1", "NUMTOKEN", "4"],["1", "DIVIDE", "/"],["1", "NUMTOKEN", "5"],["1", "MINUS", "-"],["1", "MINUS", "-"],["1", "NUMTOKEN", "3"],["1", "PLUS", "+"],["1", "NUMTOKEN", "4"],["1", "POWER", "**"],["1", "NUMTOKEN", "3"],["1", "POWER", "**"],["1", "NUMTOKEN", "2"],["1", "SEMICOLON", ";"],["2", "TRACE", "TRACE"],["2", "MINUS", "-"],["2", "NUMTOKEN", "2"],["2", "POWER", "**"],["2", "NUMTOKEN", "10"],["2", "SEMICOLON", ";"]]
AST: {
	"type":	"STATEMENTBLOCK",
	"statements":	[{
			"type":	"TRACE",
			"line":	"1",
			"arg":	{
				"type":	"PLUS",
				"arg":	[{
						"type":	"MINUS",
						"arg":	[{
								"type":	"PLUS",
								"arg":	[{
										"type":	"NUMTOKEN",
										"value":	"1"
									}, {
										"type":	"DIVIDE",
										"arg":	[{
												"type":	"TIMES",
												"arg":	[{
														"type":	"NUMTOKEN",
														"value":	"2"
													}, {
														"type":	"NUMTOKEN",
														"value":	"4"
													}]
											}, {
												"type":	"NUMTOKEN",
												"value":	"5"
											}]
									}]
							}, {
								"type":	"UNMINUS",
								"arg":	{
									"type":	"NUMTOKEN",
									"value":	"3"
								}
							}]
					}, {
						"type":	"POWER",
						"arg":	[{
								"type":	"NUMTOKEN",
								"value":	"4"
							}, {
								"type":	"POWER",
								"arg":	[{
										"type":	"NUMTOKEN",
										"value":	"3"
									}, {
										"type":	"NUMTOKEN",
										"value":	"2"
									}]
							}]
					}]
			}
		}, {
			"type":	"TRACE",
			"line":	"2",
			"arg":	{
				"type":	"POWER",
				"arg":	[{
						"type":	"UNMINUS",
						"arg":	{
							"type":	"NUMTOKEN",
							"value":	"2"
						}
					}, {
						"type":	"NUMTOKEN",
						"value":	"10"
					}]
			}
		}]
}
Line 1: 262149.599998
Line 2: 1024
