JSON: [["1", "FOR", "FOR"],["1", "IDENTIFIER", "name"],["1", "IN", "IN"],["1", "LSPAR", "["],["1", "STRTOKEN", "Alice"],["1", "COMMA", ","],["1", "STRTOKEN", "Bob"],["1", "COMMA", ","],["1", "STRTOKEN", "Charlie"],["1", "RSPAR", "]"],["1", "DO", "DO"],["2", "WRITE", "WRITE"],["2", "IDENTIFIER", "name"],["2", "SEMICOLON", ";"],["3", "ENDDO", "ENDDO"],["3", "SEMICOLON", ";"]]
AST: {
	"type":	"STATEMENTBLOCK",
	"statements":	[{
			"type":	"FOR",
			"varname":	"name",
			"expression":	{
				"type":	"LIST",
				"items":	[{
						"type":	"STRTOKEN",
						"value":	"Alice"
					}, {
						"type":	"STRTOKEN",
						"value":	"Bob"
					}, {
						"type":	"STRTOKEN",
						"value":	"Charlie"
					}]
			},
			"statements":	{
				"type":	"STATEMENTBLOCK",
				"statements":	[{
						"type":	"WRITE",
						"arg":	{
							"type":	"VARIABLE",
							"name":	"name",
							"line":	"2"
						}
					}]
			}
		}]
}
Alice
Bob
Charlie
