JSON: [["1", "IDENTIFIER", "num"],["1", "ASSIGN", ":="],["1", "NUMTOKEN", "0"],["1", "SEMICOLON", ";"],["2", "FOR", "FOR"],["2", "IDENTIFIER", "i"],["2", "IN", "IN"],["2", "LSPAR", "["],["2", "NUMTOKEN", "10"],["2", "COMMA", ","],["2", "NUMTOKEN", "20"],["2", "COMMA", ","],["2", "NUMTOKEN", "30"],["2", "RSPAR", "]"],["2", "DO", "DO"],["3", "IDENTIFIER", "num"],["3", "ASSIGN", ":="],["3", "IDENTIFIER", "num"],["3", "PLUS", "+"],["3", "IDENTIFIER", "i"],["3", "SEMICOLON", ";"],["4", "ENDDO", "ENDDO"],["4", "SEMICOLON", ";"],["5", "WRITE", "WRITE"],["5", "IDENTIFIER", "num"],["5", "SEMICOLON", ";"]]
AST: {
	"type":	"STATEMENTBLOCK",
	"statements":	[{
			"type":	"ASSIGN",
			"ident":	"num",
			"arg":	{
				"type":	"NUMTOKEN",
				"value":	"0"
			}
		}, {
			"type":	"FOR",
			"varname":	"i",
			"expression":	{
				"type":	"LIST",
				"items":	[{
						"type":	"NUMTOKEN",
						"value":	"10"
					}, {
						"type":	"NUMTOKEN",
						"value":	"20"
					}, {
						"type":	"NUMTOKEN",
						"value":	"30"
					}]
			},
			"statements":	{
				"type":	"STATEMENTBLOCK",
				"statements":	[{
						"type":	"ASSIGN",
						"ident":	"num",
						"arg":	{
							"type":	"PLUS",
							"arg":	[{
									"type":	"VARIABLE",
									"name":	"num",
									"line":	"3"
								}, {
									"type":	"VARIABLE",
									"name":	"i",
									"line":	"3"
								}]
						}
					}]
			}
		}, {
			"type":	"WRITE",
			"arg":	{
				"type":	"VARIABLE",
				"name":	"num",
				"line":	"5"
			}
		}]
}
60
