JSON: [["1", "IDENTIFIER", "x"],["1", "ASSIGN", ":="],["1", "NUMTOKEN", "1"],["1", "RANGE", "..."],["1", "NUMTOKEN", "7"],["1", "SEMICOLON", ";"],["2", "TRACE", "TRACE"],["2", "IDENTIFIER", "x"],["2", "SEMICOLON", ";"],["3", "TRACE", "TRACE"],["3", "IDENTIFIER", "x"],["3", "LT", "<"],["3", "NUMTOKEN", "5"],["3", "SEMICOLON", ";"],["4", "TRACE", "TRACE"],["4", "IDENTIFIER", "x"],["4", "IS", "is"],["4", "NOT", "not"],["4", "WITHIN", "within"],["4", "LPAR", "("],["4", "IDENTIFIER", "x"],["4", "MINUS", "-"],["4", "NUMTOKEN", "1"],["4", "RPAR", ")"],["4", "TO", "to"],["4", "NUMTOKEN", "5"],["4", "SEMICOLON", ";"]]
AST: {
	"type":	"STATEMENTBLOCK",
	"statements":	[{
			"type":	"ASSIGN",
			"ident":	"x",
			"arg":	{
				"type":	"RANGE",
				"arg":	[{
						"type":	"NUMTOKEN",
						"value":	"1"
					}, {
						"type":	"NUMTOKEN",
						"value":	"7"
					}]
			}
		}, {
			"type":	"TRACE",
			"line":	"2",
			"arg":	{
				"type":	"VARIABLE",
				"name":	"x",
				"line":	"2"
			}
		}, {
			"type":	"TRACE",
			"line":	"3",
			"arg":	{
				"type":	"LT",
				"arg":	[{
						"type":	"VARIABLE",
						"name":	"x",
						"line":	"3"
					}, {
						"type":	"NUMTOKEN",
						"value":	"5"
					}]
			}
		}, {
			"type":	"TRACE",
			"line":	"4",
			"arg":	{
				"type":	"ISNOTWITHIN",
				"arg":	[{
						"type":	"VARIABLE",
						"name":	"x",
						"line":	"4"
					}, {
						"type":	"MINUS",
						"arg":	[{
								"type":	"VARIABLE",
								"name":	"x",
								"line":	"4"
							}, {
								"type":	"NUMTOKEN",
								"value":	"1"
							}]
					}, {
						"type":	"NUMTOKEN",
						"value":	"5"
					}]
			}
		}]
}
Line 2: [1, 2, 3, 4, 5, 6, 7]
Line 3: [true, true, true, true, false, false, false]
Line 4: [false, false, false, false, false, true, true]
