JSON: [["1", "WRITE", "WRITE"],["1", "STRTOKEN", "Hello world"],["1", "SEMICOLON", ";"],["2", "WRITE", "WRITE"],["2", "LPAR", "("],["2", "NUMTOKEN", "1"],["2", "PLUS", "+"],["2", "NUMTOKEN", "5"],["2", "RPAR", ")"],["2", "DIVIDE", "/"],["2", "NUMTOKEN", "2.5"],["2", "TIMES", "*"],["2", "NUMTOKEN", "2.3"],["2", "SEMICOLON", ";"],["3", "WRITE", "WRITE"],["3", "STRTOKEN", "Hello "],["3", "AMPERSAND", "&"],["3", "STRTOKEN", "World"],["3", "SEMICOLON", ";"]]
AST: {
	"type":	"STATEMENTBLOCK",
	"statements":	[{
			"type":	"WRITE",
			"arg":	{
				"type":	"STRTOKEN",
				"value":	"Hello world"
			}
		}, {
			"type":	"WRITE",
			"arg":	{
				"type":	"TIMES",
				"arg":	[{
						"type":	"DIVIDE",
						"arg":	[{
								"type":	"PLUS",
								"arg":	[{
										"type":	"NUMTOKEN",
										"value":	"1"
									}, {
										"type":	"NUMTOKEN",
										"value":	"5"
									}]
							}, {
								"type":	"NUMTOKEN",
								"value":	"2.5"
							}]
					}, {
						"type":	"NUMTOKEN",
						"value":	"2.3"
					}]
			}
		}, {
			"type":	"WRITE",
			"arg":	{
				"type":	"AMPERSAND",
				"arg":	[{
						"type":	"STRTOKEN",
						"value":	"Hello "
					}, {
						"type":	"STRTOKEN",
						"value":	"World"
					}]
			}
		}]
}
Hello world
5.52
Hello World
