JSON: [["1", "WRITE", "WRITE"],["1", "STRTOKEN", "Value: "],["1", "AMPERSAND", "&"],["1", "NUMTOKEN", "42"],["1", "SEMICOLON", ";"],["2", "WRITE", "WRITE"],["2", "NUMTOKEN", "42"],["2", "AMPERSAND", "&"],["2", "STRTOKEN", " is the answer"],["2", "SEMICOLON", ";"]]
AST: {
	"type":	"STATEMENTBLOCK",
	"statements":	[{
			"type":	"WRITE",
			"arg":	{
				"type":	"AMPERSAND",
				"arg":	[{
						"type":	"STRTOKEN",
						"value":	"Value: "
					}, {
						"type":	"NUMTOKEN",
						"value":	"42"
					}]
			}
		}, {
			"type":	"WRITE",
			"arg":	{
				"type":	"AMPERSAND",
				"arg":	[{
						"type":	"NUMTOKEN",
						"value":	"42"
					}, {
						"type":	"STRTOKEN",
						"value":	" is the answer"
					}]
			}
		}]
}
Value: 42
42 is the answer
