JSON: [["1", "IDENTIFIER", "x"],["1", "ASSIGN", ":="],["1", "NUMTOKEN", "42"],["1", "SEMICOLON", ";"],["2", "WRITE", "WRITE"],["2", "IDENTIFIER", "x"],["2", "SEMICOLON", ";"]]
AST: {
	"type":	"STATEMENTBLOCK",
	"statements":	[{
			"type":	"ASSIGN",
			"ident":	"x",
			"arg":	{
				"type":	"NUMTOKEN",
				"value":	"42"
			}
		}, {
			"type":	"WRITE",
			"arg":	{
				"type":	"VARIABLE",
				"name":	"x",
				"line":	"2"
			}
		}]
}
42
