JSON: [["1", "IDENTIFIER", "x"],["1", "ASSIGN", ":="],["1", "NUMTOKEN", "4711"],["1", "SEMICOLON", ";"],["2", "TIME", "time"],["2", "IDENTIFIER", "x"],["2", "ASSIGN", ":="],["2", "TIMETOKEN", "1999-09-19"],["2", "SEMICOLON", ";"],["3", "IDENTIFIER", "y"],["3", "ASSIGN", ":="],["3", "IDENTIFIER", "x"],["3", "SEMICOLON", ";"],["4", "TIME", "time"],["4", "IDENTIFIER", "y"],["4", "ASSIGN", ":="],["4", "TIMETOKEN", "2022-12-22"],["4", "SEMICOLON", ";"],["5", "TRACE", "TRACE"],["5", "TIME", "time"],["5", "OF", "of"],["5", "IDENTIFIER", "x"],["5", "SEMICOLON", ";"],["6", "TRACE", "TRACE"],["6", "TIME", "time"],["6", "IDENTIFIER", "y"],["6", "SEMICOLON", ";"],["7", "TRACE", "TRACE"],["7", "TIME", "time"],["7", "OF", "of"],["7", "TIME", "time"],["7", "OF", "of"],["7", "IDENTIFIER", "y"],["7", "SEMICOLON", ";"]]
AST: {
	"type":	"STATEMENTBLOCK",
	"statements":	[{
			"type":	"ASSIGN",
			"ident":	"x",
			"arg":	{
				"type":	"NUMTOKEN",
				"value":	"4711"
			}
		}, {
			"type":	"TIMEASSIGN",
			"ident":	"x",
			"arg":	{
				"type":	"TIMETOKEN",
				"value":	"1999-09-19"
			}
		}, {
			"type":	"ASSIGN",
			"ident":	"y",
			"arg":	{
				"type":	"VARIABLE",
				"name":	"x",
				"line":	"3"
			}
		}, {
			"type":	"TIMEASSIGN",
			"ident":	"y",
			"arg":	{
				"type":	"TIMETOKEN",
				"value":	"2022-12-22"
			}
		}, {
			"type":	"TRACE",
			"line":	"5",
			"arg":	{
				"type":	"TIME",
				"arg":	{
					"type":	"VARIABLE",
					"name":	"x",
					"line":	"5"
				}
			}
		}, {
			"type":	"TRACE",
			"line":	"6",
			"arg":	{
				"type":	"TIME",
				"arg":	{
					"type":	"VARIABLE",
					"name":	"y",
					"line":	"6"
				}
			}
		}, {
			"type":	"TRACE",
			"line":	"7",
			"arg":	{
				"type":	"TIME",
				"arg":	{
					"type":	"TIME",
					"arg":	{
						"type":	"VARIABLE",
						"name":	"y",
						"line":	"7"
					}
				}
			}
		}]
}
Line 5: 2022-12-22T00:00:00.000Z
Line 6: 2022-12-22T00:00:00.000Z
Line 7: 2022-12-22T00:00:00.000Z
