JSON: [["1", "TRACE", "TRACE"],["1", "NUMTOKEN", "1"],["1", "WHERE", "where"],["1", "LSPAR", "["],["1", "TRUE", "true"],["1", "COMMA", ","],["1", "FALSE", "false"],["1", "COMMA", ","],["1", "TRUE", "true"],["1", "RSPAR", "]"],["1", "SEMICOLON", ";"]]
AST: {
	"type":	"STATEMENTBLOCK",
	"statements":	[{
			"type":	"TRACE",
			"line":	"1",
			"arg":	{
				"type":	"WHERE",
				"arg":	[{
						"type":	"NUMTOKEN",
						"value":	"1"
					}, {
						"type":	"LIST",
						"items":	[{
								"type":	"TRUE"
							}, {
								"type":	"FALSE"
							}, {
								"type":	"TRUE"
							}]
					}]
			}
		}]
}
Line 1: [1, 1]
